2026-06-22 20:20:11,421 INFO [YDL_OPTS] player_clients=['tv_embedded', 'web_embedded'] cookies=none getpot=disabled
2026-06-22 20:20:11,421 INFO [VIDEO] start want=audio fmt=bestaudio[ext=m4a]/bestaudio/best url=https://youtu.be/1yLyPXnrY9E?si=h0E_ODRfw3gzuoOV yt_dlp=2026.03.17 clients=['tv_embedded', 'web_embedded']
2026-06-22 20:20:13,286 ERROR [VIDEO] error url=https://youtu.be/1yLyPXnrY9E?si=h0E_ODRfw3gzuoOV err=ERROR: [youtube+GetPOT] 1yLyPXnrY9E: Requested format is not available. Use --list-formats for a list of available formats
Traceback (most recent call last):
  File "/home/sleppifydownloader2/.local/lib/python3.12/site-packages/yt_dlp/YoutubeDL.py", line 1698, in wrapper
    return func(self, *args, **kwargs)
           ^^^^^^^^^^^^^^^^^^^^^^^^^^^
  File "/home/sleppifydownloader2/.local/lib/python3.12/site-packages/yt_dlp/YoutubeDL.py", line 1854, in __extract_info
    return self.process_ie_result(ie_result, download, extra_info)
           ^^^^^^^^^^^^^^^^^^^^^^^^^^^^^^^^^^^^^^^^^^^^^^^^^^^^^^^
  File "/home/sleppifydownloader2/.local/lib/python3.12/site-packages/yt_dlp/YoutubeDL.py", line 1913, in process_ie_result
    ie_result = self.process_video_result(ie_result, download=download)
                ^^^^^^^^^^^^^^^^^^^^^^^^^^^^^^^^^^^^^^^^^^^^^^^^^^^^^^^
  File "/home/sleppifydownloader2/.local/lib/python3.12/site-packages/yt_dlp/YoutubeDL.py", line 3058, in process_video_result
    raise ExtractorError(
yt_dlp.utils.ExtractorError: [youtube+GetPOT] 1yLyPXnrY9E: Requested format is not available. Use --list-formats for a list of available formats

During handling of the above exception, another exception occurred:

Traceback (most recent call last):
  File "/home/sleppifydownloader2/www/app.py", line 227, in api_video
    ydl.download([youtube_url])
  File "/home/sleppifydownloader2/.local/lib/python3.12/site-packages/yt_dlp/YoutubeDL.py", line 3670, in download
    self.__download_wrapper(self.extract_info)(
  File "/home/sleppifydownloader2/.local/lib/python3.12/site-packages/yt_dlp/YoutubeDL.py", line 3643, in wrapper
    res = func(*args, **kwargs)
          ^^^^^^^^^^^^^^^^^^^^^
  File "/home/sleppifydownloader2/.local/lib/python3.12/site-packages/yt_dlp/YoutubeDL.py", line 1687, in extract_info
    return self.__extract_info(url, self.get_info_extractor(key), download, extra_info, process)
           ^^^^^^^^^^^^^^^^^^^^^^^^^^^^^^^^^^^^^^^^^^^^^^^^^^^^^^^^^^^^^^^^^^^^^^^^^^^^^^^^^^^^^
  File "/home/sleppifydownloader2/.local/lib/python3.12/site-packages/yt_dlp/YoutubeDL.py", line 1716, in wrapper
    self.report_error(str(e), e.format_traceback())
  File "/home/sleppifydownloader2/.local/lib/python3.12/site-packages/yt_dlp/YoutubeDL.py", line 1154, in report_error
    self.trouble(f'{self._format_err("ERROR:", self.Styles.ERROR)} {message}', *args, **kwargs)
  File "/home/sleppifydownloader2/.local/lib/python3.12/site-packages/yt_dlp/YoutubeDL.py", line 1093, in trouble
    raise DownloadError(message, exc_info)
yt_dlp.utils.DownloadError: ERROR: [youtube+GetPOT] 1yLyPXnrY9E: Requested format is not available. Use --list-formats for a list of available formats

2026-06-22 20:20:45,464 INFO [YDL_OPTS] player_clients=['tv_embedded', 'web_embedded'] cookies=none getpot=disabled
2026-06-22 20:20:45,464 INFO [VIDEO] start want=video fmt=best[ext=mp4]/bestaudio[ext=m4a]/bestaudio/best url=https://www.youtube.com/watch?v=9MMZetYAJTw yt_dlp=2026.03.17 clients=['tv_embedded', 'web_embedded']
2026-06-22 20:20:47,080 ERROR [VIDEO] error url=https://www.youtube.com/watch?v=9MMZetYAJTw err=ERROR: [youtube+GetPOT] 9MMZetYAJTw: Requested format is not available. Use --list-formats for a list of available formats
Traceback (most recent call last):
  File "/home/sleppifydownloader2/.local/lib/python3.12/site-packages/yt_dlp/YoutubeDL.py", line 1698, in wrapper
    return func(self, *args, **kwargs)
           ^^^^^^^^^^^^^^^^^^^^^^^^^^^
  File "/home/sleppifydownloader2/.local/lib/python3.12/site-packages/yt_dlp/YoutubeDL.py", line 1854, in __extract_info
    return self.process_ie_result(ie_result, download, extra_info)
           ^^^^^^^^^^^^^^^^^^^^^^^^^^^^^^^^^^^^^^^^^^^^^^^^^^^^^^^
  File "/home/sleppifydownloader2/.local/lib/python3.12/site-packages/yt_dlp/YoutubeDL.py", line 1913, in process_ie_result
    ie_result = self.process_video_result(ie_result, download=download)
                ^^^^^^^^^^^^^^^^^^^^^^^^^^^^^^^^^^^^^^^^^^^^^^^^^^^^^^^
  File "/home/sleppifydownloader2/.local/lib/python3.12/site-packages/yt_dlp/YoutubeDL.py", line 3058, in process_video_result
    raise ExtractorError(
yt_dlp.utils.ExtractorError: [youtube+GetPOT] 9MMZetYAJTw: Requested format is not available. Use --list-formats for a list of available formats

During handling of the above exception, another exception occurred:

Traceback (most recent call last):
  File "/home/sleppifydownloader2/www/app.py", line 227, in api_video
    ydl.download([youtube_url])
  File "/home/sleppifydownloader2/.local/lib/python3.12/site-packages/yt_dlp/YoutubeDL.py", line 3670, in download
    self.__download_wrapper(self.extract_info)(
  File "/home/sleppifydownloader2/.local/lib/python3.12/site-packages/yt_dlp/YoutubeDL.py", line 3643, in wrapper
    res = func(*args, **kwargs)
          ^^^^^^^^^^^^^^^^^^^^^
  File "/home/sleppifydownloader2/.local/lib/python3.12/site-packages/yt_dlp/YoutubeDL.py", line 1687, in extract_info
    return self.__extract_info(url, self.get_info_extractor(key), download, extra_info, process)
           ^^^^^^^^^^^^^^^^^^^^^^^^^^^^^^^^^^^^^^^^^^^^^^^^^^^^^^^^^^^^^^^^^^^^^^^^^^^^^^^^^^^^^
  File "/home/sleppifydownloader2/.local/lib/python3.12/site-packages/yt_dlp/YoutubeDL.py", line 1716, in wrapper
    self.report_error(str(e), e.format_traceback())
  File "/home/sleppifydownloader2/.local/lib/python3.12/site-packages/yt_dlp/YoutubeDL.py", line 1154, in report_error
    self.trouble(f'{self._format_err("ERROR:", self.Styles.ERROR)} {message}', *args, **kwargs)
  File "/home/sleppifydownloader2/.local/lib/python3.12/site-packages/yt_dlp/YoutubeDL.py", line 1093, in trouble
    raise DownloadError(message, exc_info)
yt_dlp.utils.DownloadError: ERROR: [youtube+GetPOT] 9MMZetYAJTw: Requested format is not available. Use --list-formats for a list of available formats

2026-06-22 20:20:47,500 INFO [YDL_OPTS] player_clients=['tv_embedded', 'web_embedded'] cookies=none getpot=disabled
2026-06-22 20:20:47,500 INFO [VIDEO] start want=video fmt=best[ext=mp4]/bestaudio[ext=m4a]/bestaudio/best url=https://www.youtube.com/watch?v=umhg4EYMZaE yt_dlp=2026.03.17 clients=['tv_embedded', 'web_embedded']
2026-06-22 20:20:49,253 ERROR [VIDEO] error url=https://www.youtube.com/watch?v=umhg4EYMZaE err=ERROR: [youtube+GetPOT] umhg4EYMZaE: Requested format is not available. Use --list-formats for a list of available formats
Traceback (most recent call last):
  File "/home/sleppifydownloader2/.local/lib/python3.12/site-packages/yt_dlp/YoutubeDL.py", line 1698, in wrapper
    return func(self, *args, **kwargs)
           ^^^^^^^^^^^^^^^^^^^^^^^^^^^
  File "/home/sleppifydownloader2/.local/lib/python3.12/site-packages/yt_dlp/YoutubeDL.py", line 1854, in __extract_info
    return self.process_ie_result(ie_result, download, extra_info)
           ^^^^^^^^^^^^^^^^^^^^^^^^^^^^^^^^^^^^^^^^^^^^^^^^^^^^^^^
  File "/home/sleppifydownloader2/.local/lib/python3.12/site-packages/yt_dlp/YoutubeDL.py", line 1913, in process_ie_result
    ie_result = self.process_video_result(ie_result, download=download)
                ^^^^^^^^^^^^^^^^^^^^^^^^^^^^^^^^^^^^^^^^^^^^^^^^^^^^^^^
  File "/home/sleppifydownloader2/.local/lib/python3.12/site-packages/yt_dlp/YoutubeDL.py", line 3058, in process_video_result
    raise ExtractorError(
yt_dlp.utils.ExtractorError: [youtube+GetPOT] umhg4EYMZaE: Requested format is not available. Use --list-formats for a list of available formats

During handling of the above exception, another exception occurred:

Traceback (most recent call last):
  File "/home/sleppifydownloader2/www/app.py", line 227, in api_video
    ydl.download([youtube_url])
  File "/home/sleppifydownloader2/.local/lib/python3.12/site-packages/yt_dlp/YoutubeDL.py", line 3670, in download
    self.__download_wrapper(self.extract_info)(
  File "/home/sleppifydownloader2/.local/lib/python3.12/site-packages/yt_dlp/YoutubeDL.py", line 3643, in wrapper
    res = func(*args, **kwargs)
          ^^^^^^^^^^^^^^^^^^^^^
  File "/home/sleppifydownloader2/.local/lib/python3.12/site-packages/yt_dlp/YoutubeDL.py", line 1687, in extract_info
    return self.__extract_info(url, self.get_info_extractor(key), download, extra_info, process)
           ^^^^^^^^^^^^^^^^^^^^^^^^^^^^^^^^^^^^^^^^^^^^^^^^^^^^^^^^^^^^^^^^^^^^^^^^^^^^^^^^^^^^^
  File "/home/sleppifydownloader2/.local/lib/python3.12/site-packages/yt_dlp/YoutubeDL.py", line 1716, in wrapper
    self.report_error(str(e), e.format_traceback())
  File "/home/sleppifydownloader2/.local/lib/python3.12/site-packages/yt_dlp/YoutubeDL.py", line 1154, in report_error
    self.trouble(f'{self._format_err("ERROR:", self.Styles.ERROR)} {message}', *args, **kwargs)
  File "/home/sleppifydownloader2/.local/lib/python3.12/site-packages/yt_dlp/YoutubeDL.py", line 1093, in trouble
    raise DownloadError(message, exc_info)
yt_dlp.utils.DownloadError: ERROR: [youtube+GetPOT] umhg4EYMZaE: Requested format is not available. Use --list-formats for a list of available formats

2026-06-22 20:20:49,955 INFO [YDL_OPTS] player_clients=['tv_embedded', 'web_embedded'] cookies=none getpot=disabled
2026-06-22 20:20:49,955 INFO [VIDEO] start want=video fmt=best[ext=mp4]/bestaudio[ext=m4a]/bestaudio/best url=https://www.youtube.com/watch?v=VjHKw200eFw yt_dlp=2026.03.17 clients=['tv_embedded', 'web_embedded']
2026-06-22 20:20:51,552 ERROR [VIDEO] error url=https://www.youtube.com/watch?v=VjHKw200eFw err=ERROR: [youtube+GetPOT] VjHKw200eFw: Requested format is not available. Use --list-formats for a list of available formats
Traceback (most recent call last):
  File "/home/sleppifydownloader2/.local/lib/python3.12/site-packages/yt_dlp/YoutubeDL.py", line 1698, in wrapper
    return func(self, *args, **kwargs)
           ^^^^^^^^^^^^^^^^^^^^^^^^^^^
  File "/home/sleppifydownloader2/.local/lib/python3.12/site-packages/yt_dlp/YoutubeDL.py", line 1854, in __extract_info
    return self.process_ie_result(ie_result, download, extra_info)
           ^^^^^^^^^^^^^^^^^^^^^^^^^^^^^^^^^^^^^^^^^^^^^^^^^^^^^^^
  File "/home/sleppifydownloader2/.local/lib/python3.12/site-packages/yt_dlp/YoutubeDL.py", line 1913, in process_ie_result
    ie_result = self.process_video_result(ie_result, download=download)
                ^^^^^^^^^^^^^^^^^^^^^^^^^^^^^^^^^^^^^^^^^^^^^^^^^^^^^^^
  File "/home/sleppifydownloader2/.local/lib/python3.12/site-packages/yt_dlp/YoutubeDL.py", line 3058, in process_video_result
    raise ExtractorError(
yt_dlp.utils.ExtractorError: [youtube+GetPOT] VjHKw200eFw: Requested format is not available. Use --list-formats for a list of available formats

During handling of the above exception, another exception occurred:

Traceback (most recent call last):
  File "/home/sleppifydownloader2/www/app.py", line 227, in api_video
    ydl.download([youtube_url])
  File "/home/sleppifydownloader2/.local/lib/python3.12/site-packages/yt_dlp/YoutubeDL.py", line 3670, in download
    self.__download_wrapper(self.extract_info)(
  File "/home/sleppifydownloader2/.local/lib/python3.12/site-packages/yt_dlp/YoutubeDL.py", line 3643, in wrapper
    res = func(*args, **kwargs)
          ^^^^^^^^^^^^^^^^^^^^^
  File "/home/sleppifydownloader2/.local/lib/python3.12/site-packages/yt_dlp/YoutubeDL.py", line 1687, in extract_info
    return self.__extract_info(url, self.get_info_extractor(key), download, extra_info, process)
           ^^^^^^^^^^^^^^^^^^^^^^^^^^^^^^^^^^^^^^^^^^^^^^^^^^^^^^^^^^^^^^^^^^^^^^^^^^^^^^^^^^^^^
  File "/home/sleppifydownloader2/.local/lib/python3.12/site-packages/yt_dlp/YoutubeDL.py", line 1716, in wrapper
    self.report_error(str(e), e.format_traceback())
  File "/home/sleppifydownloader2/.local/lib/python3.12/site-packages/yt_dlp/YoutubeDL.py", line 1154, in report_error
    self.trouble(f'{self._format_err("ERROR:", self.Styles.ERROR)} {message}', *args, **kwargs)
  File "/home/sleppifydownloader2/.local/lib/python3.12/site-packages/yt_dlp/YoutubeDL.py", line 1093, in trouble
    raise DownloadError(message, exc_info)
yt_dlp.utils.DownloadError: ERROR: [youtube+GetPOT] VjHKw200eFw: Requested format is not available. Use --list-formats for a list of available formats

2026-06-22 20:20:52,364 INFO [YDL_OPTS] player_clients=['tv_embedded', 'web_embedded'] cookies=none getpot=disabled
2026-06-22 20:20:52,364 INFO [VIDEO] start want=video fmt=best[ext=mp4]/bestaudio[ext=m4a]/bestaudio/best url=https://www.youtube.com/watch?v=L1hqmmHIHOo yt_dlp=2026.03.17 clients=['tv_embedded', 'web_embedded']
2026-06-22 20:20:54,097 ERROR [VIDEO] error url=https://www.youtube.com/watch?v=L1hqmmHIHOo err=ERROR: [youtube+GetPOT] L1hqmmHIHOo: Requested format is not available. Use --list-formats for a list of available formats
Traceback (most recent call last):
  File "/home/sleppifydownloader2/.local/lib/python3.12/site-packages/yt_dlp/YoutubeDL.py", line 1698, in wrapper
    return func(self, *args, **kwargs)
           ^^^^^^^^^^^^^^^^^^^^^^^^^^^
  File "/home/sleppifydownloader2/.local/lib/python3.12/site-packages/yt_dlp/YoutubeDL.py", line 1854, in __extract_info
    return self.process_ie_result(ie_result, download, extra_info)
           ^^^^^^^^^^^^^^^^^^^^^^^^^^^^^^^^^^^^^^^^^^^^^^^^^^^^^^^
  File "/home/sleppifydownloader2/.local/lib/python3.12/site-packages/yt_dlp/YoutubeDL.py", line 1913, in process_ie_result
    ie_result = self.process_video_result(ie_result, download=download)
                ^^^^^^^^^^^^^^^^^^^^^^^^^^^^^^^^^^^^^^^^^^^^^^^^^^^^^^^
  File "/home/sleppifydownloader2/.local/lib/python3.12/site-packages/yt_dlp/YoutubeDL.py", line 3058, in process_video_result
    raise ExtractorError(
yt_dlp.utils.ExtractorError: [youtube+GetPOT] L1hqmmHIHOo: Requested format is not available. Use --list-formats for a list of available formats

During handling of the above exception, another exception occurred:

Traceback (most recent call last):
  File "/home/sleppifydownloader2/www/app.py", line 227, in api_video
    ydl.download([youtube_url])
  File "/home/sleppifydownloader2/.local/lib/python3.12/site-packages/yt_dlp/YoutubeDL.py", line 3670, in download
    self.__download_wrapper(self.extract_info)(
  File "/home/sleppifydownloader2/.local/lib/python3.12/site-packages/yt_dlp/YoutubeDL.py", line 3643, in wrapper
    res = func(*args, **kwargs)
          ^^^^^^^^^^^^^^^^^^^^^
  File "/home/sleppifydownloader2/.local/lib/python3.12/site-packages/yt_dlp/YoutubeDL.py", line 1687, in extract_info
    return self.__extract_info(url, self.get_info_extractor(key), download, extra_info, process)
           ^^^^^^^^^^^^^^^^^^^^^^^^^^^^^^^^^^^^^^^^^^^^^^^^^^^^^^^^^^^^^^^^^^^^^^^^^^^^^^^^^^^^^
  File "/home/sleppifydownloader2/.local/lib/python3.12/site-packages/yt_dlp/YoutubeDL.py", line 1716, in wrapper
    self.report_error(str(e), e.format_traceback())
  File "/home/sleppifydownloader2/.local/lib/python3.12/site-packages/yt_dlp/YoutubeDL.py", line 1154, in report_error
    self.trouble(f'{self._format_err("ERROR:", self.Styles.ERROR)} {message}', *args, **kwargs)
  File "/home/sleppifydownloader2/.local/lib/python3.12/site-packages/yt_dlp/YoutubeDL.py", line 1093, in trouble
    raise DownloadError(message, exc_info)
yt_dlp.utils.DownloadError: ERROR: [youtube+GetPOT] L1hqmmHIHOo: Requested format is not available. Use --list-formats for a list of available formats

2026-06-22 20:20:54,097 INFO [YDL_OPTS] player_clients=['tv_embedded', 'web_embedded'] cookies=none getpot=disabled
2026-06-22 20:20:54,097 INFO [VIDEO] start want=video fmt=best[ext=mp4]/bestaudio[ext=m4a]/bestaudio/best url=https://www.youtube.com/watch?v=Dg9ryib6v8o yt_dlp=2026.03.17 clients=['tv_embedded', 'web_embedded']
2026-06-22 20:20:55,590 ERROR [VIDEO] error url=https://www.youtube.com/watch?v=Dg9ryib6v8o err=ERROR: [youtube+GetPOT] Dg9ryib6v8o: Requested format is not available. Use --list-formats for a list of available formats
Traceback (most recent call last):
  File "/home/sleppifydownloader2/.local/lib/python3.12/site-packages/yt_dlp/YoutubeDL.py", line 1698, in wrapper
    return func(self, *args, **kwargs)
           ^^^^^^^^^^^^^^^^^^^^^^^^^^^
  File "/home/sleppifydownloader2/.local/lib/python3.12/site-packages/yt_dlp/YoutubeDL.py", line 1854, in __extract_info
    return self.process_ie_result(ie_result, download, extra_info)
           ^^^^^^^^^^^^^^^^^^^^^^^^^^^^^^^^^^^^^^^^^^^^^^^^^^^^^^^
  File "/home/sleppifydownloader2/.local/lib/python3.12/site-packages/yt_dlp/YoutubeDL.py", line 1913, in process_ie_result
    ie_result = self.process_video_result(ie_result, download=download)
                ^^^^^^^^^^^^^^^^^^^^^^^^^^^^^^^^^^^^^^^^^^^^^^^^^^^^^^^
  File "/home/sleppifydownloader2/.local/lib/python3.12/site-packages/yt_dlp/YoutubeDL.py", line 3058, in process_video_result
    raise ExtractorError(
yt_dlp.utils.ExtractorError: [youtube+GetPOT] Dg9ryib6v8o: Requested format is not available. Use --list-formats for a list of available formats

During handling of the above exception, another exception occurred:

Traceback (most recent call last):
  File "/home/sleppifydownloader2/www/app.py", line 227, in api_video
    ydl.download([youtube_url])
  File "/home/sleppifydownloader2/.local/lib/python3.12/site-packages/yt_dlp/YoutubeDL.py", line 3670, in download
    self.__download_wrapper(self.extract_info)(
  File "/home/sleppifydownloader2/.local/lib/python3.12/site-packages/yt_dlp/YoutubeDL.py", line 3643, in wrapper
    res = func(*args, **kwargs)
          ^^^^^^^^^^^^^^^^^^^^^
  File "/home/sleppifydownloader2/.local/lib/python3.12/site-packages/yt_dlp/YoutubeDL.py", line 1687, in extract_info
    return self.__extract_info(url, self.get_info_extractor(key), download, extra_info, process)
           ^^^^^^^^^^^^^^^^^^^^^^^^^^^^^^^^^^^^^^^^^^^^^^^^^^^^^^^^^^^^^^^^^^^^^^^^^^^^^^^^^^^^^
  File "/home/sleppifydownloader2/.local/lib/python3.12/site-packages/yt_dlp/YoutubeDL.py", line 1716, in wrapper
    self.report_error(str(e), e.format_traceback())
  File "/home/sleppifydownloader2/.local/lib/python3.12/site-packages/yt_dlp/YoutubeDL.py", line 1154, in report_error
    self.trouble(f'{self._format_err("ERROR:", self.Styles.ERROR)} {message}', *args, **kwargs)
  File "/home/sleppifydownloader2/.local/lib/python3.12/site-packages/yt_dlp/YoutubeDL.py", line 1093, in trouble
    raise DownloadError(message, exc_info)
yt_dlp.utils.DownloadError: ERROR: [youtube+GetPOT] Dg9ryib6v8o: Requested format is not available. Use --list-formats for a list of available formats

2026-06-22 20:21:00,917 INFO [YDL_OPTS] player_clients=['tv_embedded', 'web_embedded'] cookies=none getpot=disabled
2026-06-22 20:21:00,918 INFO [VIDEO] start want=video fmt=best[ext=mp4]/bestaudio[ext=m4a]/bestaudio/best url=https://www.youtube.com/watch?v=NaFd8ucHLuo yt_dlp=2026.03.17 clients=['tv_embedded', 'web_embedded']
2026-06-22 20:21:04,977 ERROR [VIDEO] error url=https://www.youtube.com/watch?v=NaFd8ucHLuo err=ERROR: [youtube+GetPOT] NaFd8ucHLuo: Requested format is not available. Use --list-formats for a list of available formats
Traceback (most recent call last):
  File "/home/sleppifydownloader2/.local/lib/python3.12/site-packages/yt_dlp/YoutubeDL.py", line 1698, in wrapper
    return func(self, *args, **kwargs)
           ^^^^^^^^^^^^^^^^^^^^^^^^^^^
  File "/home/sleppifydownloader2/.local/lib/python3.12/site-packages/yt_dlp/YoutubeDL.py", line 1854, in __extract_info
    return self.process_ie_result(ie_result, download, extra_info)
           ^^^^^^^^^^^^^^^^^^^^^^^^^^^^^^^^^^^^^^^^^^^^^^^^^^^^^^^
  File "/home/sleppifydownloader2/.local/lib/python3.12/site-packages/yt_dlp/YoutubeDL.py", line 1913, in process_ie_result
    ie_result = self.process_video_result(ie_result, download=download)
                ^^^^^^^^^^^^^^^^^^^^^^^^^^^^^^^^^^^^^^^^^^^^^^^^^^^^^^^
  File "/home/sleppifydownloader2/.local/lib/python3.12/site-packages/yt_dlp/YoutubeDL.py", line 3058, in process_video_result
    raise ExtractorError(
yt_dlp.utils.ExtractorError: [youtube+GetPOT] NaFd8ucHLuo: Requested format is not available. Use --list-formats for a list of available formats

During handling of the above exception, another exception occurred:

Traceback (most recent call last):
  File "/home/sleppifydownloader2/www/app.py", line 227, in api_video
    ydl.download([youtube_url])
  File "/home/sleppifydownloader2/.local/lib/python3.12/site-packages/yt_dlp/YoutubeDL.py", line 3670, in download
    self.__download_wrapper(self.extract_info)(
  File "/home/sleppifydownloader2/.local/lib/python3.12/site-packages/yt_dlp/YoutubeDL.py", line 3643, in wrapper
    res = func(*args, **kwargs)
          ^^^^^^^^^^^^^^^^^^^^^
  File "/home/sleppifydownloader2/.local/lib/python3.12/site-packages/yt_dlp/YoutubeDL.py", line 1687, in extract_info
    return self.__extract_info(url, self.get_info_extractor(key), download, extra_info, process)
           ^^^^^^^^^^^^^^^^^^^^^^^^^^^^^^^^^^^^^^^^^^^^^^^^^^^^^^^^^^^^^^^^^^^^^^^^^^^^^^^^^^^^^
  File "/home/sleppifydownloader2/.local/lib/python3.12/site-packages/yt_dlp/YoutubeDL.py", line 1716, in wrapper
    self.report_error(str(e), e.format_traceback())
  File "/home/sleppifydownloader2/.local/lib/python3.12/site-packages/yt_dlp/YoutubeDL.py", line 1154, in report_error
    self.trouble(f'{self._format_err("ERROR:", self.Styles.ERROR)} {message}', *args, **kwargs)
  File "/home/sleppifydownloader2/.local/lib/python3.12/site-packages/yt_dlp/YoutubeDL.py", line 1093, in trouble
    raise DownloadError(message, exc_info)
yt_dlp.utils.DownloadError: ERROR: [youtube+GetPOT] NaFd8ucHLuo: Requested format is not available. Use --list-formats for a list of available formats

2026-06-22 20:21:04,978 INFO [YDL_OPTS] player_clients=['tv_embedded', 'web_embedded'] cookies=none getpot=disabled
2026-06-22 20:21:04,978 INFO [VIDEO] start want=video fmt=best[ext=mp4]/bestaudio[ext=m4a]/bestaudio/best url=https://www.youtube.com/watch?v=QiH5rwY6gbo yt_dlp=2026.03.17 clients=['tv_embedded', 'web_embedded']
2026-06-22 20:21:06,929 ERROR [VIDEO] error url=https://www.youtube.com/watch?v=QiH5rwY6gbo err=ERROR: [youtube+GetPOT] QiH5rwY6gbo: Requested format is not available. Use --list-formats for a list of available formats
Traceback (most recent call last):
  File "/home/sleppifydownloader2/.local/lib/python3.12/site-packages/yt_dlp/YoutubeDL.py", line 1698, in wrapper
    return func(self, *args, **kwargs)
           ^^^^^^^^^^^^^^^^^^^^^^^^^^^
  File "/home/sleppifydownloader2/.local/lib/python3.12/site-packages/yt_dlp/YoutubeDL.py", line 1854, in __extract_info
    return self.process_ie_result(ie_result, download, extra_info)
           ^^^^^^^^^^^^^^^^^^^^^^^^^^^^^^^^^^^^^^^^^^^^^^^^^^^^^^^
  File "/home/sleppifydownloader2/.local/lib/python3.12/site-packages/yt_dlp/YoutubeDL.py", line 1913, in process_ie_result
    ie_result = self.process_video_result(ie_result, download=download)
                ^^^^^^^^^^^^^^^^^^^^^^^^^^^^^^^^^^^^^^^^^^^^^^^^^^^^^^^
  File "/home/sleppifydownloader2/.local/lib/python3.12/site-packages/yt_dlp/YoutubeDL.py", line 3058, in process_video_result
    raise ExtractorError(
yt_dlp.utils.ExtractorError: [youtube+GetPOT] QiH5rwY6gbo: Requested format is not available. Use --list-formats for a list of available formats

During handling of the above exception, another exception occurred:

Traceback (most recent call last):
  File "/home/sleppifydownloader2/www/app.py", line 227, in api_video
    ydl.download([youtube_url])
  File "/home/sleppifydownloader2/.local/lib/python3.12/site-packages/yt_dlp/YoutubeDL.py", line 3670, in download
    self.__download_wrapper(self.extract_info)(
  File "/home/sleppifydownloader2/.local/lib/python3.12/site-packages/yt_dlp/YoutubeDL.py", line 3643, in wrapper
    res = func(*args, **kwargs)
          ^^^^^^^^^^^^^^^^^^^^^
  File "/home/sleppifydownloader2/.local/lib/python3.12/site-packages/yt_dlp/YoutubeDL.py", line 1687, in extract_info
    return self.__extract_info(url, self.get_info_extractor(key), download, extra_info, process)
           ^^^^^^^^^^^^^^^^^^^^^^^^^^^^^^^^^^^^^^^^^^^^^^^^^^^^^^^^^^^^^^^^^^^^^^^^^^^^^^^^^^^^^
  File "/home/sleppifydownloader2/.local/lib/python3.12/site-packages/yt_dlp/YoutubeDL.py", line 1716, in wrapper
    self.report_error(str(e), e.format_traceback())
  File "/home/sleppifydownloader2/.local/lib/python3.12/site-packages/yt_dlp/YoutubeDL.py", line 1154, in report_error
    self.trouble(f'{self._format_err("ERROR:", self.Styles.ERROR)} {message}', *args, **kwargs)
  File "/home/sleppifydownloader2/.local/lib/python3.12/site-packages/yt_dlp/YoutubeDL.py", line 1093, in trouble
    raise DownloadError(message, exc_info)
yt_dlp.utils.DownloadError: ERROR: [youtube+GetPOT] QiH5rwY6gbo: Requested format is not available. Use --list-formats for a list of available formats

2026-06-22 20:21:06,930 INFO [YDL_OPTS] player_clients=['tv_embedded', 'web_embedded'] cookies=none getpot=disabled
2026-06-22 20:21:06,930 INFO [VIDEO] start want=video fmt=best[ext=mp4]/bestaudio[ext=m4a]/bestaudio/best url=https://www.youtube.com/watch?v=eYJqe1aQGmI yt_dlp=2026.03.17 clients=['tv_embedded', 'web_embedded']
2026-06-22 20:21:09,048 ERROR [VIDEO] error url=https://www.youtube.com/watch?v=eYJqe1aQGmI err=ERROR: [youtube+GetPOT] eYJqe1aQGmI: Requested format is not available. Use --list-formats for a list of available formats
Traceback (most recent call last):
  File "/home/sleppifydownloader2/.local/lib/python3.12/site-packages/yt_dlp/YoutubeDL.py", line 1698, in wrapper
    return func(self, *args, **kwargs)
           ^^^^^^^^^^^^^^^^^^^^^^^^^^^
  File "/home/sleppifydownloader2/.local/lib/python3.12/site-packages/yt_dlp/YoutubeDL.py", line 1854, in __extract_info
    return self.process_ie_result(ie_result, download, extra_info)
           ^^^^^^^^^^^^^^^^^^^^^^^^^^^^^^^^^^^^^^^^^^^^^^^^^^^^^^^
  File "/home/sleppifydownloader2/.local/lib/python3.12/site-packages/yt_dlp/YoutubeDL.py", line 1913, in process_ie_result
    ie_result = self.process_video_result(ie_result, download=download)
                ^^^^^^^^^^^^^^^^^^^^^^^^^^^^^^^^^^^^^^^^^^^^^^^^^^^^^^^
  File "/home/sleppifydownloader2/.local/lib/python3.12/site-packages/yt_dlp/YoutubeDL.py", line 3058, in process_video_result
    raise ExtractorError(
yt_dlp.utils.ExtractorError: [youtube+GetPOT] eYJqe1aQGmI: Requested format is not available. Use --list-formats for a list of available formats

During handling of the above exception, another exception occurred:

Traceback (most recent call last):
  File "/home/sleppifydownloader2/www/app.py", line 227, in api_video
    ydl.download([youtube_url])
  File "/home/sleppifydownloader2/.local/lib/python3.12/site-packages/yt_dlp/YoutubeDL.py", line 3670, in download
    self.__download_wrapper(self.extract_info)(
  File "/home/sleppifydownloader2/.local/lib/python3.12/site-packages/yt_dlp/YoutubeDL.py", line 3643, in wrapper
    res = func(*args, **kwargs)
          ^^^^^^^^^^^^^^^^^^^^^
  File "/home/sleppifydownloader2/.local/lib/python3.12/site-packages/yt_dlp/YoutubeDL.py", line 1687, in extract_info
    return self.__extract_info(url, self.get_info_extractor(key), download, extra_info, process)
           ^^^^^^^^^^^^^^^^^^^^^^^^^^^^^^^^^^^^^^^^^^^^^^^^^^^^^^^^^^^^^^^^^^^^^^^^^^^^^^^^^^^^^
  File "/home/sleppifydownloader2/.local/lib/python3.12/site-packages/yt_dlp/YoutubeDL.py", line 1716, in wrapper
    self.report_error(str(e), e.format_traceback())
  File "/home/sleppifydownloader2/.local/lib/python3.12/site-packages/yt_dlp/YoutubeDL.py", line 1154, in report_error
    self.trouble(f'{self._format_err("ERROR:", self.Styles.ERROR)} {message}', *args, **kwargs)
  File "/home/sleppifydownloader2/.local/lib/python3.12/site-packages/yt_dlp/YoutubeDL.py", line 1093, in trouble
    raise DownloadError(message, exc_info)
yt_dlp.utils.DownloadError: ERROR: [youtube+GetPOT] eYJqe1aQGmI: Requested format is not available. Use --list-formats for a list of available formats

2026-06-22 20:21:09,579 INFO [YDL_OPTS] player_clients=['tv_embedded', 'web_embedded'] cookies=none getpot=disabled
2026-06-22 20:21:09,580 INFO [VIDEO] start want=video fmt=best[ext=mp4]/bestaudio[ext=m4a]/bestaudio/best url=https://www.youtube.com/watch?v=Cm3hEOXffUw yt_dlp=2026.03.17 clients=['tv_embedded', 'web_embedded']
2026-06-22 20:21:11,447 ERROR [VIDEO] error url=https://www.youtube.com/watch?v=Cm3hEOXffUw err=ERROR: [youtube+GetPOT] Cm3hEOXffUw: Requested format is not available. Use --list-formats for a list of available formats
Traceback (most recent call last):
  File "/home/sleppifydownloader2/.local/lib/python3.12/site-packages/yt_dlp/YoutubeDL.py", line 1698, in wrapper
    return func(self, *args, **kwargs)
           ^^^^^^^^^^^^^^^^^^^^^^^^^^^
  File "/home/sleppifydownloader2/.local/lib/python3.12/site-packages/yt_dlp/YoutubeDL.py", line 1854, in __extract_info
    return self.process_ie_result(ie_result, download, extra_info)
           ^^^^^^^^^^^^^^^^^^^^^^^^^^^^^^^^^^^^^^^^^^^^^^^^^^^^^^^
  File "/home/sleppifydownloader2/.local/lib/python3.12/site-packages/yt_dlp/YoutubeDL.py", line 1913, in process_ie_result
    ie_result = self.process_video_result(ie_result, download=download)
                ^^^^^^^^^^^^^^^^^^^^^^^^^^^^^^^^^^^^^^^^^^^^^^^^^^^^^^^
  File "/home/sleppifydownloader2/.local/lib/python3.12/site-packages/yt_dlp/YoutubeDL.py", line 3058, in process_video_result
    raise ExtractorError(
yt_dlp.utils.ExtractorError: [youtube+GetPOT] Cm3hEOXffUw: Requested format is not available. Use --list-formats for a list of available formats

During handling of the above exception, another exception occurred:

Traceback (most recent call last):
  File "/home/sleppifydownloader2/www/app.py", line 227, in api_video
    ydl.download([youtube_url])
  File "/home/sleppifydownloader2/.local/lib/python3.12/site-packages/yt_dlp/YoutubeDL.py", line 3670, in download
    self.__download_wrapper(self.extract_info)(
  File "/home/sleppifydownloader2/.local/lib/python3.12/site-packages/yt_dlp/YoutubeDL.py", line 3643, in wrapper
    res = func(*args, **kwargs)
          ^^^^^^^^^^^^^^^^^^^^^
  File "/home/sleppifydownloader2/.local/lib/python3.12/site-packages/yt_dlp/YoutubeDL.py", line 1687, in extract_info
    return self.__extract_info(url, self.get_info_extractor(key), download, extra_info, process)
           ^^^^^^^^^^^^^^^^^^^^^^^^^^^^^^^^^^^^^^^^^^^^^^^^^^^^^^^^^^^^^^^^^^^^^^^^^^^^^^^^^^^^^
  File "/home/sleppifydownloader2/.local/lib/python3.12/site-packages/yt_dlp/YoutubeDL.py", line 1716, in wrapper
    self.report_error(str(e), e.format_traceback())
  File "/home/sleppifydownloader2/.local/lib/python3.12/site-packages/yt_dlp/YoutubeDL.py", line 1154, in report_error
    self.trouble(f'{self._format_err("ERROR:", self.Styles.ERROR)} {message}', *args, **kwargs)
  File "/home/sleppifydownloader2/.local/lib/python3.12/site-packages/yt_dlp/YoutubeDL.py", line 1093, in trouble
    raise DownloadError(message, exc_info)
yt_dlp.utils.DownloadError: ERROR: [youtube+GetPOT] Cm3hEOXffUw: Requested format is not available. Use --list-formats for a list of available formats

2026-06-22 20:21:14,698 INFO [YDL_OPTS] player_clients=['tv_embedded', 'web_embedded'] cookies=none getpot=disabled
2026-06-22 20:21:14,698 INFO [VIDEO] start want=video fmt=best[ext=mp4]/bestaudio[ext=m4a]/bestaudio/best url=https://www.youtube.com/watch?v=CJL_qtxawCM yt_dlp=2026.03.17 clients=['tv_embedded', 'web_embedded']
2026-06-22 20:21:16,085 ERROR [VIDEO] error url=https://www.youtube.com/watch?v=CJL_qtxawCM err=ERROR: [youtube+GetPOT] CJL_qtxawCM: Requested format is not available. Use --list-formats for a list of available formats
Traceback (most recent call last):
  File "/home/sleppifydownloader2/.local/lib/python3.12/site-packages/yt_dlp/YoutubeDL.py", line 1698, in wrapper
    return func(self, *args, **kwargs)
           ^^^^^^^^^^^^^^^^^^^^^^^^^^^
  File "/home/sleppifydownloader2/.local/lib/python3.12/site-packages/yt_dlp/YoutubeDL.py", line 1854, in __extract_info
    return self.process_ie_result(ie_result, download, extra_info)
           ^^^^^^^^^^^^^^^^^^^^^^^^^^^^^^^^^^^^^^^^^^^^^^^^^^^^^^^
  File "/home/sleppifydownloader2/.local/lib/python3.12/site-packages/yt_dlp/YoutubeDL.py", line 1913, in process_ie_result
    ie_result = self.process_video_result(ie_result, download=download)
                ^^^^^^^^^^^^^^^^^^^^^^^^^^^^^^^^^^^^^^^^^^^^^^^^^^^^^^^
  File "/home/sleppifydownloader2/.local/lib/python3.12/site-packages/yt_dlp/YoutubeDL.py", line 3058, in process_video_result
    raise ExtractorError(
yt_dlp.utils.ExtractorError: [youtube+GetPOT] CJL_qtxawCM: Requested format is not available. Use --list-formats for a list of available formats

During handling of the above exception, another exception occurred:

Traceback (most recent call last):
  File "/home/sleppifydownloader2/www/app.py", line 227, in api_video
    ydl.download([youtube_url])
  File "/home/sleppifydownloader2/.local/lib/python3.12/site-packages/yt_dlp/YoutubeDL.py", line 3670, in download
    self.__download_wrapper(self.extract_info)(
  File "/home/sleppifydownloader2/.local/lib/python3.12/site-packages/yt_dlp/YoutubeDL.py", line 3643, in wrapper
    res = func(*args, **kwargs)
          ^^^^^^^^^^^^^^^^^^^^^
  File "/home/sleppifydownloader2/.local/lib/python3.12/site-packages/yt_dlp/YoutubeDL.py", line 1687, in extract_info
    return self.__extract_info(url, self.get_info_extractor(key), download, extra_info, process)
           ^^^^^^^^^^^^^^^^^^^^^^^^^^^^^^^^^^^^^^^^^^^^^^^^^^^^^^^^^^^^^^^^^^^^^^^^^^^^^^^^^^^^^
  File "/home/sleppifydownloader2/.local/lib/python3.12/site-packages/yt_dlp/YoutubeDL.py", line 1716, in wrapper
    self.report_error(str(e), e.format_traceback())
  File "/home/sleppifydownloader2/.local/lib/python3.12/site-packages/yt_dlp/YoutubeDL.py", line 1154, in report_error
    self.trouble(f'{self._format_err("ERROR:", self.Styles.ERROR)} {message}', *args, **kwargs)
  File "/home/sleppifydownloader2/.local/lib/python3.12/site-packages/yt_dlp/YoutubeDL.py", line 1093, in trouble
    raise DownloadError(message, exc_info)
yt_dlp.utils.DownloadError: ERROR: [youtube+GetPOT] CJL_qtxawCM: Requested format is not available. Use --list-formats for a list of available formats

2026-06-22 20:21:16,086 INFO [YDL_OPTS] player_clients=['tv_embedded', 'web_embedded'] cookies=none getpot=disabled
2026-06-22 20:21:16,086 INFO [VIDEO] start want=video fmt=best[ext=mp4]/bestaudio[ext=m4a]/bestaudio/best url=https://www.youtube.com/watch?v=6zbAeWSzKqk yt_dlp=2026.03.17 clients=['tv_embedded', 'web_embedded']
2026-06-22 20:21:18,011 ERROR [VIDEO] error url=https://www.youtube.com/watch?v=6zbAeWSzKqk err=ERROR: [youtube+GetPOT] 6zbAeWSzKqk: Requested format is not available. Use --list-formats for a list of available formats
Traceback (most recent call last):
  File "/home/sleppifydownloader2/.local/lib/python3.12/site-packages/yt_dlp/YoutubeDL.py", line 1698, in wrapper
    return func(self, *args, **kwargs)
           ^^^^^^^^^^^^^^^^^^^^^^^^^^^
  File "/home/sleppifydownloader2/.local/lib/python3.12/site-packages/yt_dlp/YoutubeDL.py", line 1854, in __extract_info
    return self.process_ie_result(ie_result, download, extra_info)
           ^^^^^^^^^^^^^^^^^^^^^^^^^^^^^^^^^^^^^^^^^^^^^^^^^^^^^^^
  File "/home/sleppifydownloader2/.local/lib/python3.12/site-packages/yt_dlp/YoutubeDL.py", line 1913, in process_ie_result
    ie_result = self.process_video_result(ie_result, download=download)
                ^^^^^^^^^^^^^^^^^^^^^^^^^^^^^^^^^^^^^^^^^^^^^^^^^^^^^^^
  File "/home/sleppifydownloader2/.local/lib/python3.12/site-packages/yt_dlp/YoutubeDL.py", line 3058, in process_video_result
    raise ExtractorError(
yt_dlp.utils.ExtractorError: [youtube+GetPOT] 6zbAeWSzKqk: Requested format is not available. Use --list-formats for a list of available formats

During handling of the above exception, another exception occurred:

Traceback (most recent call last):
  File "/home/sleppifydownloader2/www/app.py", line 227, in api_video
    ydl.download([youtube_url])
  File "/home/sleppifydownloader2/.local/lib/python3.12/site-packages/yt_dlp/YoutubeDL.py", line 3670, in download
    self.__download_wrapper(self.extract_info)(
  File "/home/sleppifydownloader2/.local/lib/python3.12/site-packages/yt_dlp/YoutubeDL.py", line 3643, in wrapper
    res = func(*args, **kwargs)
          ^^^^^^^^^^^^^^^^^^^^^
  File "/home/sleppifydownloader2/.local/lib/python3.12/site-packages/yt_dlp/YoutubeDL.py", line 1687, in extract_info
    return self.__extract_info(url, self.get_info_extractor(key), download, extra_info, process)
           ^^^^^^^^^^^^^^^^^^^^^^^^^^^^^^^^^^^^^^^^^^^^^^^^^^^^^^^^^^^^^^^^^^^^^^^^^^^^^^^^^^^^^
  File "/home/sleppifydownloader2/.local/lib/python3.12/site-packages/yt_dlp/YoutubeDL.py", line 1716, in wrapper
    self.report_error(str(e), e.format_traceback())
  File "/home/sleppifydownloader2/.local/lib/python3.12/site-packages/yt_dlp/YoutubeDL.py", line 1154, in report_error
    self.trouble(f'{self._format_err("ERROR:", self.Styles.ERROR)} {message}', *args, **kwargs)
  File "/home/sleppifydownloader2/.local/lib/python3.12/site-packages/yt_dlp/YoutubeDL.py", line 1093, in trouble
    raise DownloadError(message, exc_info)
yt_dlp.utils.DownloadError: ERROR: [youtube+GetPOT] 6zbAeWSzKqk: Requested format is not available. Use --list-formats for a list of available formats

2026-06-22 20:25:14,628 INFO [YDL_OPTS] player_clients=['tv_embedded', 'web_embedded'] cookies=none getpot=disabled
2026-06-22 20:25:14,628 INFO [VIDEO] start want=audio fmt=bestaudio[ext=m4a]/bestaudio/best url=https://youtu.be/1yLyPXnrY9E?si=h0E_ODRfw3gzuoOV yt_dlp=2026.03.17 clients=['tv_embedded', 'web_embedded']
2026-06-22 20:25:16,509 ERROR [VIDEO] error url=https://youtu.be/1yLyPXnrY9E?si=h0E_ODRfw3gzuoOV err=ERROR: [youtube+GetPOT] 1yLyPXnrY9E: Requested format is not available. Use --list-formats for a list of available formats
Traceback (most recent call last):
  File "/home/sleppifydownloader2/.local/lib/python3.12/site-packages/yt_dlp/YoutubeDL.py", line 1698, in wrapper
    return func(self, *args, **kwargs)
           ^^^^^^^^^^^^^^^^^^^^^^^^^^^
  File "/home/sleppifydownloader2/.local/lib/python3.12/site-packages/yt_dlp/YoutubeDL.py", line 1854, in __extract_info
    return self.process_ie_result(ie_result, download, extra_info)
           ^^^^^^^^^^^^^^^^^^^^^^^^^^^^^^^^^^^^^^^^^^^^^^^^^^^^^^^
  File "/home/sleppifydownloader2/.local/lib/python3.12/site-packages/yt_dlp/YoutubeDL.py", line 1913, in process_ie_result
    ie_result = self.process_video_result(ie_result, download=download)
                ^^^^^^^^^^^^^^^^^^^^^^^^^^^^^^^^^^^^^^^^^^^^^^^^^^^^^^^
  File "/home/sleppifydownloader2/.local/lib/python3.12/site-packages/yt_dlp/YoutubeDL.py", line 3058, in process_video_result
    raise ExtractorError(
yt_dlp.utils.ExtractorError: [youtube+GetPOT] 1yLyPXnrY9E: Requested format is not available. Use --list-formats for a list of available formats

During handling of the above exception, another exception occurred:

Traceback (most recent call last):
  File "/home/sleppifydownloader2/www/app.py", line 227, in api_video
    ydl.download([youtube_url])
  File "/home/sleppifydownloader2/.local/lib/python3.12/site-packages/yt_dlp/YoutubeDL.py", line 3670, in download
    self.__download_wrapper(self.extract_info)(
  File "/home/sleppifydownloader2/.local/lib/python3.12/site-packages/yt_dlp/YoutubeDL.py", line 3643, in wrapper
    res = func(*args, **kwargs)
          ^^^^^^^^^^^^^^^^^^^^^
  File "/home/sleppifydownloader2/.local/lib/python3.12/site-packages/yt_dlp/YoutubeDL.py", line 1687, in extract_info
    return self.__extract_info(url, self.get_info_extractor(key), download, extra_info, process)
           ^^^^^^^^^^^^^^^^^^^^^^^^^^^^^^^^^^^^^^^^^^^^^^^^^^^^^^^^^^^^^^^^^^^^^^^^^^^^^^^^^^^^^
  File "/home/sleppifydownloader2/.local/lib/python3.12/site-packages/yt_dlp/YoutubeDL.py", line 1716, in wrapper
    self.report_error(str(e), e.format_traceback())
  File "/home/sleppifydownloader2/.local/lib/python3.12/site-packages/yt_dlp/YoutubeDL.py", line 1154, in report_error
    self.trouble(f'{self._format_err("ERROR:", self.Styles.ERROR)} {message}', *args, **kwargs)
  File "/home/sleppifydownloader2/.local/lib/python3.12/site-packages/yt_dlp/YoutubeDL.py", line 1093, in trouble
    raise DownloadError(message, exc_info)
yt_dlp.utils.DownloadError: ERROR: [youtube+GetPOT] 1yLyPXnrY9E: Requested format is not available. Use --list-formats for a list of available formats

2026-06-22 20:28:59,302 INFO [YDL_OPTS] player_clients=['tv_embedded', 'web_embedded'] cookies=none getpot=disabled
2026-06-22 20:28:59,302 INFO [VIDEO] start want=audio fmt=bestaudio[ext=m4a]/bestaudio/best url=https://youtu.be/1yLyPXnrY9E?si=h0E_ODRfw3gzuoOV yt_dlp=2026.03.17 clients=['tv_embedded', 'web_embedded']
2026-06-22 20:29:01,695 ERROR [VIDEO] error url=https://youtu.be/1yLyPXnrY9E?si=h0E_ODRfw3gzuoOV err=ERROR: [youtube+GetPOT] 1yLyPXnrY9E: Requested format is not available. Use --list-formats for a list of available formats
Traceback (most recent call last):
  File "/home/sleppifydownloader2/.local/lib/python3.12/site-packages/yt_dlp/YoutubeDL.py", line 1698, in wrapper
    return func(self, *args, **kwargs)
           ^^^^^^^^^^^^^^^^^^^^^^^^^^^
  File "/home/sleppifydownloader2/.local/lib/python3.12/site-packages/yt_dlp/YoutubeDL.py", line 1854, in __extract_info
    return self.process_ie_result(ie_result, download, extra_info)
           ^^^^^^^^^^^^^^^^^^^^^^^^^^^^^^^^^^^^^^^^^^^^^^^^^^^^^^^
  File "/home/sleppifydownloader2/.local/lib/python3.12/site-packages/yt_dlp/YoutubeDL.py", line 1913, in process_ie_result
    ie_result = self.process_video_result(ie_result, download=download)
                ^^^^^^^^^^^^^^^^^^^^^^^^^^^^^^^^^^^^^^^^^^^^^^^^^^^^^^^
  File "/home/sleppifydownloader2/.local/lib/python3.12/site-packages/yt_dlp/YoutubeDL.py", line 3058, in process_video_result
    raise ExtractorError(
yt_dlp.utils.ExtractorError: [youtube+GetPOT] 1yLyPXnrY9E: Requested format is not available. Use --list-formats for a list of available formats

During handling of the above exception, another exception occurred:

Traceback (most recent call last):
  File "/home/sleppifydownloader2/www/app.py", line 227, in api_video
    ydl.download([youtube_url])
  File "/home/sleppifydownloader2/.local/lib/python3.12/site-packages/yt_dlp/YoutubeDL.py", line 3670, in download
    self.__download_wrapper(self.extract_info)(
  File "/home/sleppifydownloader2/.local/lib/python3.12/site-packages/yt_dlp/YoutubeDL.py", line 3643, in wrapper
    res = func(*args, **kwargs)
          ^^^^^^^^^^^^^^^^^^^^^
  File "/home/sleppifydownloader2/.local/lib/python3.12/site-packages/yt_dlp/YoutubeDL.py", line 1687, in extract_info
    return self.__extract_info(url, self.get_info_extractor(key), download, extra_info, process)
           ^^^^^^^^^^^^^^^^^^^^^^^^^^^^^^^^^^^^^^^^^^^^^^^^^^^^^^^^^^^^^^^^^^^^^^^^^^^^^^^^^^^^^
  File "/home/sleppifydownloader2/.local/lib/python3.12/site-packages/yt_dlp/YoutubeDL.py", line 1716, in wrapper
    self.report_error(str(e), e.format_traceback())
  File "/home/sleppifydownloader2/.local/lib/python3.12/site-packages/yt_dlp/YoutubeDL.py", line 1154, in report_error
    self.trouble(f'{self._format_err("ERROR:", self.Styles.ERROR)} {message}', *args, **kwargs)
  File "/home/sleppifydownloader2/.local/lib/python3.12/site-packages/yt_dlp/YoutubeDL.py", line 1093, in trouble
    raise DownloadError(message, exc_info)
yt_dlp.utils.DownloadError: ERROR: [youtube+GetPOT] 1yLyPXnrY9E: Requested format is not available. Use --list-formats for a list of available formats

2026-06-22 20:29:05,561 INFO [YDL_OPTS] player_clients=['tv_embedded', 'web_embedded'] cookies=none getpot=disabled
2026-06-22 20:29:05,561 INFO [VIDEO] start want=audio fmt=bestaudio[ext=m4a]/bestaudio/best url=https://youtu.be/1yLyPXnrY9E?si=h0E_ODRfw3gzuoOV yt_dlp=2026.03.17 clients=['tv_embedded', 'web_embedded']
2026-06-22 20:29:11,240 ERROR [VIDEO] error url=https://youtu.be/1yLyPXnrY9E?si=h0E_ODRfw3gzuoOV err=ERROR: [youtube+GetPOT] 1yLyPXnrY9E: Requested format is not available. Use --list-formats for a list of available formats
Traceback (most recent call last):
  File "/home/sleppifydownloader2/.local/lib/python3.12/site-packages/yt_dlp/YoutubeDL.py", line 1698, in wrapper
    return func(self, *args, **kwargs)
           ^^^^^^^^^^^^^^^^^^^^^^^^^^^
  File "/home/sleppifydownloader2/.local/lib/python3.12/site-packages/yt_dlp/YoutubeDL.py", line 1854, in __extract_info
    return self.process_ie_result(ie_result, download, extra_info)
           ^^^^^^^^^^^^^^^^^^^^^^^^^^^^^^^^^^^^^^^^^^^^^^^^^^^^^^^
  File "/home/sleppifydownloader2/.local/lib/python3.12/site-packages/yt_dlp/YoutubeDL.py", line 1913, in process_ie_result
    ie_result = self.process_video_result(ie_result, download=download)
                ^^^^^^^^^^^^^^^^^^^^^^^^^^^^^^^^^^^^^^^^^^^^^^^^^^^^^^^
  File "/home/sleppifydownloader2/.local/lib/python3.12/site-packages/yt_dlp/YoutubeDL.py", line 3058, in process_video_result
    raise ExtractorError(
yt_dlp.utils.ExtractorError: [youtube+GetPOT] 1yLyPXnrY9E: Requested format is not available. Use --list-formats for a list of available formats

During handling of the above exception, another exception occurred:

Traceback (most recent call last):
  File "/home/sleppifydownloader2/www/app.py", line 227, in api_video
    ydl.download([youtube_url])
  File "/home/sleppifydownloader2/.local/lib/python3.12/site-packages/yt_dlp/YoutubeDL.py", line 3670, in download
    self.__download_wrapper(self.extract_info)(
  File "/home/sleppifydownloader2/.local/lib/python3.12/site-packages/yt_dlp/YoutubeDL.py", line 3643, in wrapper
    res = func(*args, **kwargs)
          ^^^^^^^^^^^^^^^^^^^^^
  File "/home/sleppifydownloader2/.local/lib/python3.12/site-packages/yt_dlp/YoutubeDL.py", line 1687, in extract_info
    return self.__extract_info(url, self.get_info_extractor(key), download, extra_info, process)
           ^^^^^^^^^^^^^^^^^^^^^^^^^^^^^^^^^^^^^^^^^^^^^^^^^^^^^^^^^^^^^^^^^^^^^^^^^^^^^^^^^^^^^
  File "/home/sleppifydownloader2/.local/lib/python3.12/site-packages/yt_dlp/YoutubeDL.py", line 1716, in wrapper
    self.report_error(str(e), e.format_traceback())
  File "/home/sleppifydownloader2/.local/lib/python3.12/site-packages/yt_dlp/YoutubeDL.py", line 1154, in report_error
    self.trouble(f'{self._format_err("ERROR:", self.Styles.ERROR)} {message}', *args, **kwargs)
  File "/home/sleppifydownloader2/.local/lib/python3.12/site-packages/yt_dlp/YoutubeDL.py", line 1093, in trouble
    raise DownloadError(message, exc_info)
yt_dlp.utils.DownloadError: ERROR: [youtube+GetPOT] 1yLyPXnrY9E: Requested format is not available. Use --list-formats for a list of available formats

2026-06-22 20:29:37,915 INFO [YDL_OPTS] player_clients=['tv_embedded', 'web_embedded'] cookies=none getpot=disabled
2026-06-22 20:29:37,915 INFO [VIDEO] start want=audio fmt=bestaudio[ext=m4a]/bestaudio/best url=https://youtu.be/1yLyPXnrY9E?si=h0E_ODRfw3gzuoOV yt_dlp=2026.03.17 clients=['tv_embedded', 'web_embedded']
2026-06-22 20:29:39,773 ERROR [VIDEO] error url=https://youtu.be/1yLyPXnrY9E?si=h0E_ODRfw3gzuoOV err=ERROR: [youtube+GetPOT] 1yLyPXnrY9E: Requested format is not available. Use --list-formats for a list of available formats
Traceback (most recent call last):
  File "/home/sleppifydownloader2/.local/lib/python3.12/site-packages/yt_dlp/YoutubeDL.py", line 1698, in wrapper
    return func(self, *args, **kwargs)
           ^^^^^^^^^^^^^^^^^^^^^^^^^^^
  File "/home/sleppifydownloader2/.local/lib/python3.12/site-packages/yt_dlp/YoutubeDL.py", line 1854, in __extract_info
    return self.process_ie_result(ie_result, download, extra_info)
           ^^^^^^^^^^^^^^^^^^^^^^^^^^^^^^^^^^^^^^^^^^^^^^^^^^^^^^^
  File "/home/sleppifydownloader2/.local/lib/python3.12/site-packages/yt_dlp/YoutubeDL.py", line 1913, in process_ie_result
    ie_result = self.process_video_result(ie_result, download=download)
                ^^^^^^^^^^^^^^^^^^^^^^^^^^^^^^^^^^^^^^^^^^^^^^^^^^^^^^^
  File "/home/sleppifydownloader2/.local/lib/python3.12/site-packages/yt_dlp/YoutubeDL.py", line 3058, in process_video_result
    raise ExtractorError(
yt_dlp.utils.ExtractorError: [youtube+GetPOT] 1yLyPXnrY9E: Requested format is not available. Use --list-formats for a list of available formats

During handling of the above exception, another exception occurred:

Traceback (most recent call last):
  File "/home/sleppifydownloader2/www/app.py", line 227, in api_video
    ydl.download([youtube_url])
  File "/home/sleppifydownloader2/.local/lib/python3.12/site-packages/yt_dlp/YoutubeDL.py", line 3670, in download
    self.__download_wrapper(self.extract_info)(
  File "/home/sleppifydownloader2/.local/lib/python3.12/site-packages/yt_dlp/YoutubeDL.py", line 3643, in wrapper
    res = func(*args, **kwargs)
          ^^^^^^^^^^^^^^^^^^^^^
  File "/home/sleppifydownloader2/.local/lib/python3.12/site-packages/yt_dlp/YoutubeDL.py", line 1687, in extract_info
    return self.__extract_info(url, self.get_info_extractor(key), download, extra_info, process)
           ^^^^^^^^^^^^^^^^^^^^^^^^^^^^^^^^^^^^^^^^^^^^^^^^^^^^^^^^^^^^^^^^^^^^^^^^^^^^^^^^^^^^^
  File "/home/sleppifydownloader2/.local/lib/python3.12/site-packages/yt_dlp/YoutubeDL.py", line 1716, in wrapper
    self.report_error(str(e), e.format_traceback())
  File "/home/sleppifydownloader2/.local/lib/python3.12/site-packages/yt_dlp/YoutubeDL.py", line 1154, in report_error
    self.trouble(f'{self._format_err("ERROR:", self.Styles.ERROR)} {message}', *args, **kwargs)
  File "/home/sleppifydownloader2/.local/lib/python3.12/site-packages/yt_dlp/YoutubeDL.py", line 1093, in trouble
    raise DownloadError(message, exc_info)
yt_dlp.utils.DownloadError: ERROR: [youtube+GetPOT] 1yLyPXnrY9E: Requested format is not available. Use --list-formats for a list of available formats

2026-06-22 20:30:42,309 INFO [YDL_OPTS] player_clients=['tv_embedded', 'web_embedded'] cookies=none getpot=disabled
2026-06-22 20:30:42,309 INFO [VIDEO] start want=audio fmt=bestaudio[ext=m4a]/bestaudio/best url=https://youtu.be/1yLyPXnrY9E?si=h0E_ODRfw3gzuoOV yt_dlp=2026.03.17 clients=['tv_embedded', 'web_embedded']
2026-06-22 20:30:44,353 ERROR [VIDEO] error url=https://youtu.be/1yLyPXnrY9E?si=h0E_ODRfw3gzuoOV err=ERROR: [youtube+GetPOT] 1yLyPXnrY9E: Requested format is not available. Use --list-formats for a list of available formats
Traceback (most recent call last):
  File "/home/sleppifydownloader2/.local/lib/python3.12/site-packages/yt_dlp/YoutubeDL.py", line 1698, in wrapper
    return func(self, *args, **kwargs)
           ^^^^^^^^^^^^^^^^^^^^^^^^^^^
  File "/home/sleppifydownloader2/.local/lib/python3.12/site-packages/yt_dlp/YoutubeDL.py", line 1854, in __extract_info
    return self.process_ie_result(ie_result, download, extra_info)
           ^^^^^^^^^^^^^^^^^^^^^^^^^^^^^^^^^^^^^^^^^^^^^^^^^^^^^^^
  File "/home/sleppifydownloader2/.local/lib/python3.12/site-packages/yt_dlp/YoutubeDL.py", line 1913, in process_ie_result
    ie_result = self.process_video_result(ie_result, download=download)
                ^^^^^^^^^^^^^^^^^^^^^^^^^^^^^^^^^^^^^^^^^^^^^^^^^^^^^^^
  File "/home/sleppifydownloader2/.local/lib/python3.12/site-packages/yt_dlp/YoutubeDL.py", line 3058, in process_video_result
    raise ExtractorError(
yt_dlp.utils.ExtractorError: [youtube+GetPOT] 1yLyPXnrY9E: Requested format is not available. Use --list-formats for a list of available formats

During handling of the above exception, another exception occurred:

Traceback (most recent call last):
  File "/home/sleppifydownloader2/www/app.py", line 227, in api_video
    ydl.download([youtube_url])
  File "/home/sleppifydownloader2/.local/lib/python3.12/site-packages/yt_dlp/YoutubeDL.py", line 3670, in download
    self.__download_wrapper(self.extract_info)(
  File "/home/sleppifydownloader2/.local/lib/python3.12/site-packages/yt_dlp/YoutubeDL.py", line 3643, in wrapper
    res = func(*args, **kwargs)
          ^^^^^^^^^^^^^^^^^^^^^
  File "/home/sleppifydownloader2/.local/lib/python3.12/site-packages/yt_dlp/YoutubeDL.py", line 1687, in extract_info
    return self.__extract_info(url, self.get_info_extractor(key), download, extra_info, process)
           ^^^^^^^^^^^^^^^^^^^^^^^^^^^^^^^^^^^^^^^^^^^^^^^^^^^^^^^^^^^^^^^^^^^^^^^^^^^^^^^^^^^^^
  File "/home/sleppifydownloader2/.local/lib/python3.12/site-packages/yt_dlp/YoutubeDL.py", line 1716, in wrapper
    self.report_error(str(e), e.format_traceback())
  File "/home/sleppifydownloader2/.local/lib/python3.12/site-packages/yt_dlp/YoutubeDL.py", line 1154, in report_error
    self.trouble(f'{self._format_err("ERROR:", self.Styles.ERROR)} {message}', *args, **kwargs)
  File "/home/sleppifydownloader2/.local/lib/python3.12/site-packages/yt_dlp/YoutubeDL.py", line 1093, in trouble
    raise DownloadError(message, exc_info)
yt_dlp.utils.DownloadError: ERROR: [youtube+GetPOT] 1yLyPXnrY9E: Requested format is not available. Use --list-formats for a list of available formats

2026-06-22 20:32:28,758 INFO [YDL_OPTS] player_clients=['tv_embedded', 'web_embedded'] cookies=none getpot=disabled
2026-06-22 20:32:28,758 INFO [VIDEO] start want=audio fmt=bestaudio[ext=m4a]/bestaudio/best url=https://youtu.be/1yLyPXnrY9E?si=h0E_ODRfw3gzuoOV yt_dlp=2026.03.17 clients=['tv_embedded', 'web_embedded']
2026-06-22 20:32:31,044 ERROR [VIDEO] error url=https://youtu.be/1yLyPXnrY9E?si=h0E_ODRfw3gzuoOV err=ERROR: [youtube+GetPOT] 1yLyPXnrY9E: Requested format is not available. Use --list-formats for a list of available formats
Traceback (most recent call last):
  File "/home/sleppifydownloader2/.local/lib/python3.12/site-packages/yt_dlp/YoutubeDL.py", line 1698, in wrapper
    return func(self, *args, **kwargs)
           ^^^^^^^^^^^^^^^^^^^^^^^^^^^
  File "/home/sleppifydownloader2/.local/lib/python3.12/site-packages/yt_dlp/YoutubeDL.py", line 1854, in __extract_info
    return self.process_ie_result(ie_result, download, extra_info)
           ^^^^^^^^^^^^^^^^^^^^^^^^^^^^^^^^^^^^^^^^^^^^^^^^^^^^^^^
  File "/home/sleppifydownloader2/.local/lib/python3.12/site-packages/yt_dlp/YoutubeDL.py", line 1913, in process_ie_result
    ie_result = self.process_video_result(ie_result, download=download)
                ^^^^^^^^^^^^^^^^^^^^^^^^^^^^^^^^^^^^^^^^^^^^^^^^^^^^^^^
  File "/home/sleppifydownloader2/.local/lib/python3.12/site-packages/yt_dlp/YoutubeDL.py", line 3058, in process_video_result
    raise ExtractorError(
yt_dlp.utils.ExtractorError: [youtube+GetPOT] 1yLyPXnrY9E: Requested format is not available. Use --list-formats for a list of available formats

During handling of the above exception, another exception occurred:

Traceback (most recent call last):
  File "/home/sleppifydownloader2/www/app.py", line 227, in api_video
    ydl.download([youtube_url])
  File "/home/sleppifydownloader2/.local/lib/python3.12/site-packages/yt_dlp/YoutubeDL.py", line 3670, in download
    self.__download_wrapper(self.extract_info)(
  File "/home/sleppifydownloader2/.local/lib/python3.12/site-packages/yt_dlp/YoutubeDL.py", line 3643, in wrapper
    res = func(*args, **kwargs)
          ^^^^^^^^^^^^^^^^^^^^^
  File "/home/sleppifydownloader2/.local/lib/python3.12/site-packages/yt_dlp/YoutubeDL.py", line 1687, in extract_info
    return self.__extract_info(url, self.get_info_extractor(key), download, extra_info, process)
           ^^^^^^^^^^^^^^^^^^^^^^^^^^^^^^^^^^^^^^^^^^^^^^^^^^^^^^^^^^^^^^^^^^^^^^^^^^^^^^^^^^^^^
  File "/home/sleppifydownloader2/.local/lib/python3.12/site-packages/yt_dlp/YoutubeDL.py", line 1716, in wrapper
    self.report_error(str(e), e.format_traceback())
  File "/home/sleppifydownloader2/.local/lib/python3.12/site-packages/yt_dlp/YoutubeDL.py", line 1154, in report_error
    self.trouble(f'{self._format_err("ERROR:", self.Styles.ERROR)} {message}', *args, **kwargs)
  File "/home/sleppifydownloader2/.local/lib/python3.12/site-packages/yt_dlp/YoutubeDL.py", line 1093, in trouble
    raise DownloadError(message, exc_info)
yt_dlp.utils.DownloadError: ERROR: [youtube+GetPOT] 1yLyPXnrY9E: Requested format is not available. Use --list-formats for a list of available formats

